info: syncing channel updates for 1.98.0-x86_64-unknown-linux-gnu
info: latest update on 2026-08-20 for version 1.98.0 (88d9e12ae 2026-08-18)
info: downloading 3 components
warn: the missing active toolchain `1.98.0-x86_64-unknown-linux-gnu` has been auto-installed
warn: this might cause rustup commands to take longer time to finish than expected
info: you may opt out with `RUSTUP_AUTO_INSTALL=0` or `rustup set auto-install disable`
   Compiling gcoms-node v0.1.0 (/work/route-readiness/windows28-fixture/diagnostic/crates/node)
    Finished `test` profile [unoptimized] target(s) in 19.16s
     Running unittests src/lib.rs (/work/route-readiness/target-complete/debug/deps/gcoms_node-a9c09991362821c1)

running 1 test
fixture provision begin: eligible=5, now=1790576934
fixture provision: no ready independent GC/2 route; eligible=5; now=1790576934
fixture provision: no ready independent GC/2 route; eligible=5; now=1790576936
fixture provision: no ready independent GC/2 route; eligible=5; now=1790576938
fixture provision: no ready independent GC/2 route; eligible=5; now=1790576940
fixture provision: no ready independent GC/2 route; eligible=5; now=1790576942
fixture provision: no ready independent GC/2 route; eligible=5; now=1790576944
fixture provision: no ready independent GC/2 route; eligible=5; now=1790576946
fixture provision: no ready independent GC/2 route; eligible=5; now=1790576948
fixture provision: no ready independent GC/2 route; eligible=5; now=1790576950
fixture provision: no ready independent GC/2 route; eligible=5; now=1790576952
fixture provision: no ready independent GC/2 route; eligible=5; now=1790576954
fixture provision: no ready independent GC/2 route; eligible=5; now=1790576956
fixture provision: no ready independent GC/2 route; eligible=5; now=1790576958
fixture provision: no ready independent GC/2 route; eligible=5; now=1790576960
test node::routing::gc2_inbox_tests::fresh_carrier_node_provisions_its_inbox_over_the_protected_route ... ok

test result: ok. 1 passed; 0 failed; 0 ignored; 0 measured; 362 filtered out; finished in 35.91s

