    Checking typenum v1.20.1
    Checking getrandom v0.2.17
    Checking subtle v2.6.1
    Checking zeroize v1.9.0
    Checking rand_core v0.6.4
    Checking const-oid v0.9.6
    Checking rand_core v0.10.1
    Checking cmov v0.5.4
    Checking const-oid v0.10.2
    Checking getrandom v0.4.3
    Checking num-traits v0.2.19
    Checking ctutils v0.4.2
    Checking zerofrom v0.1.8
    Checking stable_deref_trait v1.2.1
    Checking itoa v1.0.18
    Checking yoke v0.8.3
    Checking memchr v2.8.3
    Checking zerovec v0.11.8
    Checking generic-array v0.14.7
    Checking hybrid-array v0.4.14
    Checking futures-core v0.3.34
    Checking zerocopy v0.8.56
    Checking crypto-common v0.1.7
    Checking block-buffer v0.10.4
    Checking digest v0.10.7
    Checking hmac v0.12.1
    Checking hkdf v0.12.4
    Checking sha2 v0.10.9
    Checking crypto-common v0.2.2
    Checking block-buffer v0.12.1
    Checking pem-rfc7468 v0.7.0
    Checking keccak v0.2.2
    Checking serde v1.0.229
    Checking der v0.7.10
    Checking digest v0.11.3
    Checking inout v0.1.4
    Checking thiserror v2.0.20
    Checking tokio v1.53.1
    Checking cipher v0.4.4
    Checking universal-hash v0.5.1
    Checking tinystr v0.8.4
    Checking spki v0.7.3
    Checking litemap v0.8.3
    Checking writeable v0.6.4
    Checking smallvec v1.16.0
    Checking log v0.4.34
    Checking once_cell v1.21.4
    Checking opaque-debug v0.3.1
    Checking sponge-cursor v0.1.0
    Checking icu_locale_core v2.3.0
    Checking pkcs8 v0.10.2
    Checking module-lattice v0.2.3
    Checking potential_utf v0.1.6
    Checking http v1.5.0
    Checking zerotrie v0.2.5
    Checking ff v0.13.1
    Checking utf8_iter v1.0.4
    Checking base16ct v0.2.0
    Checking icu_collections v2.3.0
    Checking sec1 v0.7.3
    Checking group v0.13.0
    Checking ppv-lite86 v0.2.21
    Checking icu_provider v2.3.1
    Checking curve25519-dalek v4.1.3
    Checking shake v0.1.0
    Checking libc v0.2.189
    Checking rand_chacha v0.3.1
    Checking aws-lc-sys v0.44.0
    Checking der v0.8.1
    Checking crypto-bigint v0.5.5
    Checking rustls-pki-types v1.15.1
    Checking powerfmt v0.2.0
    Checking slab v0.4.12
    Checking deranged v0.5.8
    Checking percent-encoding v2.3.2
    Checking num-conv v0.2.2
    Checking time-core v0.1.9
    Checking spki v0.8.0
    Checking aws-lc-rs v1.18.0
    Checking icu_normalizer_data v2.3.0
    Checking icu_properties_data v2.3.0
    Checking polyval v0.6.2
    Checking sha3 v0.11.0
    Checking elliptic-curve v0.13.8
    Checking kem v0.3.0
    Checking signature v2.2.0
    Checking aead v0.5.2
    Checking time v0.3.55
    Checking minimal-lexical v0.2.1
    Checking base64 v0.22.1
    Checking untrusted v0.9.0
    Checking nom v7.1.3
    Checking ring v0.17.14
    Checking ml-kem v0.3.2
    Checking ghash v0.5.1
    Checking icu_properties v2.3.0
    Checking icu_normalizer v2.3.0
    Checking pkcs8 v0.11.0
    Checking rand v0.8.8
    Checking http-body v1.1.0
    Checking tracing-core v0.1.36
    Checking ctr v0.9.2
    Checking aes v0.8.4
    Checking signature v3.0.0
    Checking serde_bytes v0.11.19
    Checking atomic-waker v1.1.2
    Checking futures-task v0.3.34
    Checking futures-util v0.3.34
    Checking tls_codec v0.5.0
    Checking idna_adapter v1.2.2
    Checking aes-gcm v0.10.3
    Checking hax-lib v0.3.7
    Checking ml-dsa v0.1.1
    Checking tracing v0.1.44
    Checking rusticata-macros v4.1.0
    Checking rustls-webpki v0.103.15
    Checking zmij v1.0.23
    Checking form_urlencoded v1.2.2
    Checking x25519-dalek v2.0.1
    Checking rfc6979 v0.4.0
    Checking rand v0.10.2
    Checking try-lock v0.2.5
    Checking tower-service v0.3.3
    Checking cpufeatures v0.3.1
    Checking want v0.3.1
    Checking asn1-rs v0.7.2
    Checking ecdsa v0.16.9
    Checking serde_json v1.0.151
    Checking rustls v0.23.45
    Checking httparse v1.10.1
    Checking idna v1.1.0
    Checking crossbeam-utils v0.8.22
    Checking primeorder v0.13.6
    Checking futures-channel v0.3.34
    Checking num-integer v0.1.47
    Checking hyper v1.11.1
    Checking crossbeam-epoch v0.9.20
    Checking num-bigint v0.4.8
    Checking url v2.5.8
    Checking curve25519-dalek v5.0.0
    Checking openmls_traits v0.6.0
    Checking libcrux-secrets v0.0.6
    Checking ipnet v2.12.1
    Checking equivalent v1.0.2
    Checking futures-sink v0.3.34
    Checking hashbrown v0.17.1
    Checking tokio-util v0.7.19
    Checking hyper-util v0.1.20
    Checking der-parser v10.0.0
    Checking indexmap v2.14.0
    Checking x25519-dalek v3.0.0
    Checking libcrux-traits v0.0.8
    Checking crossbeam-deque v0.8.7
    Checking tokio-rustls v0.26.4
    Checking oid-registry v0.8.1
    Checking libcrux-intrinsics v0.0.8
    Checking p256 v0.13.2
    Checking p384 v0.13.1
    Checking gcoms-crypto v0.1.0 (D:\a\gcoms\gcoms\crates\crypto)
    Checking hpke-rs-crypto v0.7.0
    Checking yasna v0.5.2
    Checking pem v3.0.6
    Checking ed25519 v2.2.3
    Checking webpki-roots v1.0.9
    Checking libcrux-platform v0.0.3
    Checking sha3 v0.12.0
    Checking poly1305 v0.8.0
    Checking chacha20 v0.9.1
    Checking hmac v0.13.0
    Checking gcoms-core v0.1.0 (D:\a\gcoms\gcoms\crates\core)
    Checking sync_wrapper v1.0.2
    Checking data-encoding v2.11.1
    Checking tower-layer v0.3.3
    Checking fnv v1.0.7
    Checking lazy_static v1.5.0
    Checking tower v0.5.3
    Checking h2 v0.4.19
    Checking x509-parser v0.18.1
    Checking hkdf v0.13.0
    Checking chacha20poly1305 v0.10.1
    Checking x-wing v0.1.0
    Checking libcrux-sha3 v0.0.10
    Checking rcgen v0.13.2
    Checking ed25519-dalek v2.2.0
    Checking rayon-core v1.13.0
    Checking sha2 v0.11.0
    Checking http-body-util v0.1.5
    Checking k256 v0.13.4
    Checking rand_chacha v0.10.0
    Checking ryu v1.0.23
    Checking bitflags v2.13.1
    Checking either v1.18.0
    Checking tower-http v0.6.11
    Checking rayon v1.12.0
    Checking hpke-rs-rust-crypto v0.7.0
    Checking serde_urlencoded v0.7.1
    Checking hpke-rs v0.7.0
    Checking winapi v0.3.9
    Checking hyper-rustls v0.27.9
    Checking gcoms-transport v0.1.0 (D:\a\gcoms\gcoms\crates\transport)
    Checking openmls_memory_storage v0.6.0
    Checking tempfile v3.27.0
    Checking openmls_rust_crypto v0.6.0
    Checking gcoms-routing v0.1.0 (D:\a\gcoms\gcoms\crates\routing)
    Checking openmls v0.9.0
    Checking fs2 v0.4.3
    Checking reqwest v0.12.28
    Checking openmls_basic_credential v0.6.0
    Checking gcoms-network v0.1.0 (D:\a\gcoms\gcoms\crates\network)
    Checking blake2 v0.10.6
    Checking gcoms-private-fs v0.1.0 (D:\a\gcoms\gcoms\crates\private-fs)
    Checking password-hash v0.5.0
    Checking gcoms-protocol v0.1.0 (D:\a\gcoms\gcoms\crates\protocol)
    Checking argon2 v0.5.3
    Checking gcoms-network-client v0.1.0 (D:\a\gcoms\gcoms\crates\network-client)
    Checking gcoms-gossip v0.1.0 (D:\a\gcoms\gcoms\crates\gossip)
    Checking cobs v0.3.0
    Checking quick-xml v0.41.0
    Checking postcard v1.1.3
    Checking gcoms-mls v0.1.0 (D:\a\gcoms\gcoms\crates\mls)
    Checking gcoms-node v0.1.0 (D:\a\gcoms\gcoms\crates\node)
    Checking gcoms-sdk v0.1.0 (D:\a\gcoms\gcoms\crates\sdk)
    Finished `dev` profile [unoptimized] target(s) in 47.38s
