    Updating crates.io index
 Downloading crates ...
  Downloaded cobs v0.3.0
  Downloaded async-trait v0.1.92
  Downloaded block-buffer v0.10.4
  Downloaded digest v0.10.7
  Downloaded thiserror-impl v2.0.20
  Downloaded fastrand v2.5.0
  Downloaded pin-project-lite v0.2.17
  Downloaded embedded-io v0.4.0
  Downloaded socket2 v0.6.5
  Downloaded crypto-common v0.1.7
  Downloaded sha2 v0.10.9
  Downloaded base64ct v1.8.3
  Downloaded thiserror v2.0.20
  Downloaded unicode-ident v1.0.24
  Downloaded embedded-io v0.6.1
  Downloaded zeroize_derive v1.5.0
  Downloaded once_cell v1.21.4
  Downloaded tokio-macros v2.7.2
  Downloaded zeroize v1.9.0
  Downloaded hmac v0.12.1
  Downloaded serde v1.0.229
  Downloaded subtle v2.6.1
  Downloaded quote v1.0.47
  Downloaded postcard v1.1.3
  Downloaded proc-macro2 v1.0.107
  Downloaded serde_core v1.0.229
  Downloaded typenum v1.20.1
  Downloaded windows-sys v0.61.2
  Downloaded cpufeatures v0.2.17
  Downloaded syn v2.0.119
  Downloaded version_check v0.9.5
  Downloaded cfg-if v1.0.4
  Downloaded generic-array v0.14.7
  Downloaded windows-link v0.2.1
  Downloaded tempfile v3.27.0
  Downloaded getrandom v0.4.3
  Downloaded serde_derive v1.0.229
  Downloaded syn v3.0.4
  Downloaded bytes v1.12.1
  Downloaded mio v1.2.2
  Downloaded tokio v1.53.1
   Compiling proc-macro2 v1.0.107
   Compiling quote v1.0.47
   Compiling unicode-ident v1.0.24
   Compiling version_check v0.9.5
   Compiling typenum v1.20.1
   Compiling generic-array v0.14.7
   Compiling windows-link v0.2.1
   Compiling windows-sys v0.61.2
   Compiling thiserror v2.0.20
   Compiling serde_core v1.0.229
   Compiling subtle v2.6.1
   Compiling cfg-if v1.0.4
   Compiling serde v1.0.229
   Compiling getrandom v0.4.3
   Compiling crypto-common v0.1.7
   Compiling block-buffer v0.10.4
   Compiling syn v3.0.4
   Compiling digest v0.10.7
   Compiling syn v2.0.119
   Compiling cpufeatures v0.2.17
   Compiling sha2 v0.10.9
   Compiling hmac v0.12.1
   Compiling mio v1.2.2
   Compiling socket2 v0.6.5
   Compiling bytes v1.12.1
   Compiling pin-project-lite v0.2.17
   Compiling base64ct v1.8.3
   Compiling once_cell v1.21.4
   Compiling fastrand v2.5.0
   Compiling tempfile v3.27.0
   Compiling thiserror-impl v2.0.20
   Compiling serde_derive v1.0.229
   Compiling tokio-macros v2.7.2
   Compiling zeroize_derive v1.5.0
   Compiling tokio v1.53.1
   Compiling cobs v0.3.0
   Compiling async-trait v0.1.92
   Compiling zeroize v1.9.0
   Compiling gcoms-core v0.1.0 (D:\a\gcoms\gcoms\crates\core)
   Compiling postcard v1.1.3
   Compiling gcoms-sdk v0.1.0 (D:\a\gcoms\gcoms\crates\sdk)
    Finished `test` profile [unoptimized] target(s) in 35.51s
     Running tests\local_windows.rs (target\debug\deps\local_windows-9003355088f36fa2.exe)

running 5 tests
test cancelled_accept_preserves_the_original_authentication_deadline ... ok
test cancelled_accept_preserves_the_same_client_and_first_byte ... ok
test disconnected_probe_does_not_terminate_the_listener ... ok
test silent_peer_expires_without_changing_the_next_frame ... ok
test silent_probe_is_not_admitted_and_cancellation_keeps_listener_usable ... ok

test result: ok. 5 passed; 0 failed; 0 ignored; 0 measured; 0 filtered out; finished in 4.67s

