 Downloading crates ...
  Downloaded aead v0.5.2
  Downloaded asn1-rs-derive v0.6.0
  Downloaded autocfg v1.5.1
  Downloaded aho-corasick v1.1.5
  Downloaded aes-gcm v0.10.3
  Downloaded argon2 v0.5.3
  Downloaded asn1-rs-impl v0.2.0
  Downloaded asn1-rs v0.7.2
  Downloaded same-file v1.0.6
  Downloaded sync_wrapper v1.0.2
  Downloaded aes v0.8.4
  Downloaded atomic-waker v1.1.2
  Downloaded cfg_aliases v0.2.2
  Downloaded cipher v0.4.4
  Downloaded const-oid v0.10.2
  Downloaded serde_spanned v1.1.1
  Downloaded tls_codec_derive v0.5.0
  Downloaded universal-hash v0.5.1
  Downloaded want v0.3.1
  Downloaded winapi-util v0.1.11
  Downloaded semver v1.0.28
  Downloaded time-core v0.1.9
  Downloaded jobserver v0.1.35
  Downloaded tinyvec v1.12.0
  Downloaded x-wing v0.1.0
  Downloaded kem v0.3.0
  Downloaded libcrux-aead v0.0.9
  Downloaded spki v0.7.3
  Downloaded tokio-util v0.7.19
  Downloaded block-buffer v0.12.1
  Downloaded libcrux-ed25519 v0.0.9
  Downloaded libcrux-p256 v0.0.8
  Downloaded toml v1.1.4+spec-1.1.0
  Downloaded chacha20 v0.9.1
  Downloaded libcrux-chacha20poly1305 v0.0.9
  Downloaded libcrux-poly1305 v0.0.6
  Downloaded futures-sink v0.3.34
  Downloaded ecdsa v0.16.9
  Downloaded tower-layer v0.3.3
  Downloaded x509-parser v0.18.1
  Downloaded form_urlencoded v1.2.2
  Downloaded fallible-iterator v0.3.0
  Downloaded getrandom v0.2.17
  Downloaded icu_normalizer_data v2.3.0
  Downloaded http v1.5.0
  Downloaded libcrux-kem v0.0.9
  Downloaded libcrux-sha3 v0.0.10
  Downloaded base64 v0.22.1
  Downloaded crossbeam-utils v0.8.22
  Downloaded hyper v1.11.1
  Downloaded utf8_iter v1.0.4
  Downloaded crossbeam-deque v0.8.7
  Downloaded libcrux-hmac v0.0.8
  Downloaded siphasher v1.0.3
  Downloaded aws-lc-rs v1.18.0
  Downloaded ctutils v0.4.2
  Downloaded displaydoc v0.2.7
  Downloaded fs_extra v1.3.0
  Downloaded hax-lib v0.3.7
  Downloaded bitflags v2.13.1
  Downloaded refinery-core v0.9.2
  Downloaded cc v1.4.4
  Downloaded idna v1.1.0
  Downloaded const-oid v0.9.6
  Downloaded ctr v0.9.2
  Downloaded ff v0.13.1
  Downloaded hyper-rustls v0.27.9
  Downloaded base16ct v0.2.0
  Downloaded chacha20poly1305 v0.10.1
  Downloaded cmake v0.1.58
  Downloaded find-msvc-tools v0.1.11
  Downloaded inout v0.1.4
  Downloaded ml-kem v0.3.2
  Downloaded openmls_test v0.3.0
  Downloaded deranged v0.5.8
  Downloaded chacha20 v0.10.2
  Downloaded digest v0.11.3
  Downloaded hybrid-array v0.4.14
  Downloaded stable_deref_trait v1.2.1
  Downloaded libcrux-hmac-drbg v0.0.1
  Downloaded httparse v1.10.1
  Downloaded openmls_libcrux_crypto v0.4.0
  Downloaded ed25519-dalek v2.2.0
  Downloaded elliptic-curve v0.13.8
  Downloaded ghash v0.5.1
  Downloaded hax-lib-macros v0.3.7
  Downloaded ipnet v2.12.1
  Downloaded zerovec v0.11.8
  Downloaded curve25519-dalek-derive v0.1.1
  Downloaded fallible-streaming-iterator v0.1.9
  Downloaded fs2 v0.4.3
  Downloaded hpke-rs-crypto v0.7.0
  Downloaded sha3 v0.11.0
  Downloaded tinyvec_macros v0.1.1
  Downloaded idna_adapter v1.2.2
  Downloaded hex v0.4.3
  Downloaded icu_locale_core v2.3.0
  Downloaded signature v3.0.0
  Downloaded sponge-cursor v0.1.0
  Downloaded synstructure v0.13.2
  Downloaded futures-task v0.3.34
  Downloaded http-body v1.1.0
  Downloaded libcrux-traits v0.0.8
  Downloaded ed25519 v2.2.3
  Downloaded heck v0.5.0
  Downloaded hpke-rs-libcrux v0.7.0
  Downloaded module-lattice v0.2.3
  Downloaded cpufeatures v0.3.1
  Downloaded fnv v1.0.7
  Downloaded hpke-rs v0.7.0
  Downloaded data-encoding v2.11.1
  Downloaded either v1.18.0
  Downloaded oid-registry v0.8.1
  Downloaded hmac v0.13.0
  Downloaded icu_provider v2.3.1
  Downloaded libcrux-curve25519 v0.0.8
  Downloaded writeable v0.6.4
  Downloaded zerofrom v0.1.8
  Downloaded crossbeam-epoch v0.9.20
  Downloaded hashlink v0.10.0
  Downloaded equivalent v1.0.2
  Downloaded icu_properties v2.3.0
  Downloaded libcrux-hkdf v0.0.8
  Downloaded openmls_basic_credential v0.6.0
  Downloaded rfc6979 v0.4.0
  Downloaded libcrux-ecdh v0.0.8
  Downloaded icu_collections v2.3.0
  Downloaded pem v3.0.6
  Downloaded num-integer v0.1.47
  Downloaded rand_core v0.6.4
  Downloaded der v0.7.10
  Downloaded der-parser v10.0.0
  Downloaded libcrux-platform v0.0.3
  Downloaded percent-encoding v2.3.2
  Downloaded signature v2.2.0
  Downloaded tokio-rustls v0.26.4
  Downloaded x25519-dalek v3.0.0
  Downloaded hpke-rs-rust-crypto v0.7.0
  Downloaded hashbrown v0.15.5
  Downloaded hashbrown v0.17.1
  Downloaded hyper-util v0.1.20
  Downloaded icu_properties_data v2.3.0
  Downloaded num-conv v0.2.2
  Downloaded num-traits v0.2.19
  Downloaded pkcs8 v0.11.0
  Downloaded refinery v0.9.2
  Downloaded rusticata-macros v4.1.0
  Downloaded blake2 v0.10.6
  Downloaded powerfmt v0.2.0
  Downloaded ppv-lite86 v0.2.21
  Downloaded libcrux-macros v0.0.3
  Downloaded quinn-udp v0.5.15
  Downloaded tinystr v0.8.4
  Downloaded toml_datetime v1.1.1+spec-1.1.0
  Downloaded pkcs8 v0.10.2
  Downloaded hkdf v0.13.0
  Downloaded rayon-core v1.13.0
  Downloaded futures-util v0.3.34
  Downloaded hkdf v0.12.4
  Downloaded polyval v0.6.2
  Downloaded libcrux-intrinsics v0.0.8
  Downloaded openmls_rust_crypto v0.6.0
  Downloaded h2 v0.4.19
  Downloaded rand_pcg v0.10.2
  Downloaded rcgen v0.13.2
  Downloaded rand_chacha v0.3.1
  Downloaded http-body-util v0.1.5
  Downloaded primeorder v0.13.6
  Downloaded rustls-pki-types v1.15.1
  Downloaded rand_core v0.10.1
  Downloaded dunce v1.0.5
  Downloaded cmov v0.5.4
  Downloaded crypto-bigint v0.5.5
  Downloaded crypto-common v0.2.2
  Downloaded num-bigint v0.4.8
  Downloaded curve25519-dalek v4.1.3
  Downloaded password-hash v0.5.0
  Downloaded quick-xml v0.41.0
  Downloaded foldhash v0.1.5
  Downloaded group v0.13.0
  Downloaded nom v7.1.3
  Downloaded pem-rfc7468 v0.7.0
  Downloaded rustc_version v0.4.1
  Downloaded try-lock v0.2.5
  Downloaded yoke v0.8.3
  Downloaded curve25519-dalek v5.0.0
  Downloaded futures-channel v0.3.34
  Downloaded minimal-lexical v0.2.1
  Downloaded der v0.8.1
  Downloaded p384 v0.13.1
  Downloaded rayon v1.12.0
  Downloaded futures-core v0.3.34
  Downloaded indexmap v2.14.0
  Downloaded openmls_traits v0.6.0
  Downloaded rustls v0.23.45
  Downloaded memchr v2.8.3
  Downloaded untrusted v0.9.0
  Downloaded yoke-derive v0.8.2
  Downloaded rand v0.8.8
  Downloaded icu_normalizer v2.3.0
  Downloaded litemap v0.8.3
  Downloaded potential_utf v0.1.6
  Downloaded reqwest v0.12.28
  Downloaded zerovec-derive v0.11.6
  Downloaded zmij v1.0.23
  Downloaded log v0.4.34
  Downloaded rand_chacha v0.10.0
  Downloaded pkg-config v0.3.34
  Downloaded itoa v1.0.18
  Downloaded ring v0.17.14
  Downloaded tower-service v0.3.3
  Downloaded lazy_static v1.5.0
  Downloaded serde_bytes v0.11.19
  Downloaded libcrux-sha2 v0.0.8
  Downloaded tls_codec v0.5.0
  Downloaded lru-slab v0.1.2
  Downloaded openmls_memory_storage v0.6.0
  Downloaded opaque-debug v0.3.1
  Downloaded refinery-macros v0.9.2
  Downloaded sec1 v0.7.3
  Downloaded keccak v0.2.2
  Downloaded openmls_serialization_helpers v0.1.0
  Downloaded serde_urlencoded v0.7.1
  Downloaded smallvec v1.16.0
  Downloaded rustc-hash v2.1.3
  Downloaded slab v0.4.12
  Downloaded time-macros v0.2.32
  Downloaded libcrux-aes v0.0.9
  Downloaded zerofrom-derive v0.1.7
  Downloaded openmls_sqlite_storage v0.3.0
  Downloaded spki v0.8.0
  Downloaded walkdir v2.5.0
  Downloaded poly1305 v0.8.0
  Downloaded libcrux-hacl-rs v0.0.5
  Downloaded toml_parser v1.1.3+spec-1.1.0
  Downloaded yasna v0.5.2
  Downloaded tracing-core v0.1.36
  Downloaded sha2 v0.11.0
  Downloaded libcrux-secrets v0.0.6
  Downloaded p256 v0.13.2
  Downloaded libsqlite3-sys v0.35.0
  Downloaded ml-dsa v0.1.1
  Downloaded ryu v1.0.23
  Downloaded zerotrie v0.2.5
  Downloaded url v2.5.8
  Downloaded rustls-webpki v0.103.15
  Downloaded aws-lc-sys v0.44.0
  Downloaded k256 v0.13.4
  Downloaded x25519-dalek v2.0.1
  Downloaded quinn v0.11.11
  Downloaded serde_json v1.0.151
  Downloaded tower v0.5.3
  Downloaded tracing v0.1.44
  Downloaded sha3 v0.12.0
  Downloaded rand v0.10.2
  Downloaded winnow v1.0.4
  Downloaded tower-http v0.6.11
  Downloaded libcrux-ml-kem v0.0.10
  Downloaded regex v1.13.1
  Downloaded quinn-proto v0.11.17
  Downloaded rusqlite v0.37.0
  Downloaded shlex v2.0.1
  Downloaded vcpkg v0.2.15
  Downloaded webpki-roots v1.0.9
  Downloaded time v0.3.55
  Downloaded zerocopy v0.8.56
  Downloaded shake v0.1.0
  Downloaded regex-syntax v0.8.11
  Downloaded openmls v0.9.0
  Downloaded regex-automata v0.4.18
  Downloaded libc v0.2.189
  Downloaded winapi v0.3.9
  Downloaded toml_writer v1.1.2+spec-1.1.0
   Compiling proc-macro2 v1.0.107
   Compiling typenum v1.20.1
   Compiling getrandom v0.2.17
   Compiling subtle v2.6.1
   Compiling rand_core v0.6.4
   Compiling generic-array v0.14.7
   Compiling const-oid v0.9.6
   Compiling rand_core v0.10.1
   Compiling getrandom v0.4.3
   Compiling cmov v0.5.4
   Compiling ctutils v0.4.2
   Compiling autocfg v1.5.1
   Compiling quote v1.0.47
   Compiling syn v2.0.119
   Compiling syn v3.0.4
   Compiling num-traits v0.2.19
   Compiling const-oid v0.10.2
   Compiling jobserver v0.1.35
   Compiling shlex v2.0.1
   Compiling find-msvc-tools v0.1.11
   Compiling cc v1.4.4
   Compiling semver v1.0.28
   Compiling rustc_version v0.4.1
   Compiling itoa v1.0.18
   Compiling stable_deref_trait v1.2.1
   Compiling zerocopy v0.8.56
   Compiling synstructure v0.13.2
   Compiling thiserror v2.0.20
   Compiling memchr v2.8.3
   Compiling cmake v0.1.58
   Compiling dunce v1.0.5
   Compiling futures-core v0.3.34
   Compiling fs_extra v1.3.0
   Compiling aws-lc-sys v0.44.0
   Compiling displaydoc v0.2.7
   Compiling zeroize_derive v1.5.0
   Compiling zerofrom-derive v0.1.7
   Compiling zeroize v1.9.0
   Compiling hybrid-array v0.4.14
   Compiling crypto-common v0.1.7
   Compiling block-buffer v0.10.4
   Compiling digest v0.10.7
   Compiling hmac v0.12.1
   Compiling yoke-derive v0.8.2
   Compiling zerofrom v0.1.8
   Compiling crypto-common v0.2.2
   Compiling block-buffer v0.12.1
   Compiling zerovec-derive v0.11.6
   Compiling digest v0.11.3
   Compiling yoke v0.8.3
   Compiling thiserror-impl v2.0.20
   Compiling hkdf v0.12.4
   Compiling zerovec v0.11.8
   Compiling sha2 v0.10.9
   Compiling curve25519-dalek-derive v0.1.1
   Compiling serde_derive v1.0.229
   Compiling pem-rfc7468 v0.7.0
   Compiling keccak v0.2.2
   Compiling der v0.7.10
   Compiling ppv-lite86 v0.2.21
   Compiling inout v0.1.4
   Compiling tokio-macros v2.7.2
   Compiling tokio v1.53.1
   Compiling spki v0.7.3
   Compiling cipher v0.4.4
   Compiling tinystr v0.8.4
   Compiling universal-hash v0.5.1
   Compiling curve25519-dalek v4.1.3
   Compiling opaque-debug v0.3.1
   Compiling once_cell v1.21.4
   Compiling smallvec v1.16.0
   Compiling litemap v0.8.3
   Compiling sponge-cursor v0.1.0
   Compiling log v0.4.34
   Compiling libc v0.2.189
   Compiling serde v1.0.229
   Compiling aws-lc-rs v1.18.0
   Compiling writeable v0.6.4
   Compiling icu_locale_core v2.3.0
   Compiling pkcs8 v0.10.2
   Compiling potential_utf v0.1.6
   Compiling zerotrie v0.2.5
   Compiling module-lattice v0.2.3
   Compiling http v1.5.0
   Compiling ring v0.17.14
   Compiling ff v0.13.1
   Compiling utf8_iter v1.0.4
   Compiling base16ct v0.2.0
   Compiling num-conv v0.2.2
   Compiling icu_properties_data v2.3.0
   Compiling time-core v0.1.9
   Compiling icu_normalizer_data v2.3.0
   Compiling time-macros v0.2.32
   Compiling sec1 v0.7.3
   Compiling icu_collections v2.3.0
   Compiling group v0.13.0
   Compiling icu_provider v2.3.1
   Compiling shake v0.1.0
   Compiling rand_chacha v0.3.1
   Compiling crypto-bigint v0.5.5
   Compiling der v0.8.1
   Compiling rustls-pki-types v1.15.1
   Compiling percent-encoding v2.3.2
   Compiling powerfmt v0.2.0
   Compiling deranged v0.5.8
   Compiling slab v0.4.12
   Compiling spki v0.8.0
   Compiling elliptic-curve v0.13.8
   Compiling polyval v0.6.2
   Compiling sha3 v0.11.0
   Compiling kem v0.3.0
   Compiling signature v2.2.0
   Compiling aead v0.5.2
   Compiling time v0.3.55
   Compiling zmij v1.0.23
   Compiling minimal-lexical v0.2.1
   Compiling base64 v0.22.1
   Compiling hax-lib v0.3.7
   Compiling untrusted v0.9.0
   Compiling nom v7.1.3
   Compiling ml-kem v0.3.2
   Compiling ghash v0.5.1
   Compiling icu_normalizer v2.3.0
   Compiling icu_properties v2.3.0
   Compiling pkcs8 v0.11.0
   Compiling rand v0.8.8
   Compiling http-body v1.1.0
   Compiling tracing-core v0.1.36
   Compiling ctr v0.9.2
   Compiling aes v0.8.4
   Compiling signature v3.0.0
   Compiling hax-lib-macros v0.3.7
   Compiling tls_codec_derive v0.5.0
   Compiling serde_bytes v0.11.19
   Compiling serde_json v1.0.151
   Compiling crossbeam-utils v0.8.22
   Compiling atomic-waker v1.1.2
   Compiling rustls v0.23.45
   Compiling futures-task v0.3.34
   Compiling httparse v1.10.1
   Compiling tls_codec v0.5.0
   Compiling futures-util v0.3.34
   Compiling aes-gcm v0.10.3
   Compiling ml-dsa v0.1.1
   Compiling idna_adapter v1.2.2
   Compiling tracing v0.1.44
   Compiling rusticata-macros v4.1.0
   Compiling form_urlencoded v1.2.2
   Compiling x25519-dalek v2.0.1
   Compiling rfc6979 v0.4.0
   Compiling asn1-rs-impl v0.2.0
   Compiling asn1-rs-derive v0.6.0
   Compiling curve25519-dalek v5.0.0
   Compiling rand v0.10.2
   Compiling cpufeatures v0.3.1
   Compiling crossbeam-epoch v0.9.20
   Compiling try-lock v0.2.5
   Compiling tower-service v0.3.3
   Compiling want v0.3.1
   Compiling asn1-rs v0.7.2
   Compiling ecdsa v0.16.9
   Compiling idna v1.1.0
   Compiling primeorder v0.13.6
   Compiling futures-channel v0.3.34
   Compiling num-integer v0.1.47
   Compiling libcrux-intrinsics v0.0.8
   Compiling oid-registry v0.8.1
   Compiling crossbeam-deque v0.8.7
   Compiling num-bigint v0.4.8
   Compiling hyper v1.11.1
   Compiling url v2.5.8
   Compiling openmls_traits v0.6.0
   Compiling libcrux-secrets v0.0.6
   Compiling hashbrown v0.17.1
   Compiling rayon-core v1.13.0
   Compiling equivalent v1.0.2
   Compiling futures-sink v0.3.34
   Compiling libcrux-sha3 v0.0.10
   Compiling ipnet v2.12.1
   Compiling indexmap v2.14.0
   Compiling tokio-util v0.7.19
   Compiling hyper-util v0.1.20
   Compiling x25519-dalek v3.0.0
   Compiling libcrux-traits v0.0.8
   Compiling der-parser v10.0.0
   Compiling p256 v0.13.2
   Compiling p384 v0.13.1
   Compiling hpke-rs-crypto v0.7.0
   Compiling gcoms-crypto v0.1.0 (D:\a\gcoms\gcoms\crates\crypto)
   Compiling yasna v0.5.2
   Compiling pem v3.0.6
   Compiling ed25519 v2.2.3
   Compiling webpki-roots v1.0.9
   Compiling libcrux-platform v0.0.3
   Compiling sha3 v0.12.0
   Compiling poly1305 v0.8.0
   Compiling chacha20 v0.9.1
   Compiling gcoms-core v0.1.0 (D:\a\gcoms\gcoms\crates\core)
   Compiling hmac v0.13.0
   Compiling sync_wrapper v1.0.2
   Compiling lazy_static v1.5.0
   Compiling winapi v0.3.9
   Compiling tower-layer v0.3.3
   Compiling fnv v1.0.7
   Compiling data-encoding v2.11.1
   Compiling h2 v0.4.19
   Compiling x509-parser v0.18.1
   Compiling tower v0.5.3
   Compiling hkdf v0.13.0
   Compiling chacha20poly1305 v0.10.1
   Compiling x-wing v0.1.0
   Compiling ed25519-dalek v2.2.0
   Compiling sha2 v0.11.0
   Compiling http-body-util v0.1.5
   Compiling k256 v0.13.4
   Compiling rand_chacha v0.10.0
   Compiling bitflags v2.13.1
   Compiling ryu v1.0.23
   Compiling either v1.18.0
   Compiling serde_urlencoded v0.7.1
   Compiling tower-http v0.6.11
   Compiling rayon v1.12.0
   Compiling hpke-rs-rust-crypto v0.7.0
   Compiling hpke-rs v0.7.0
   Compiling openmls_memory_storage v0.6.0
   Compiling openmls_serialization_helpers v0.1.0
   Compiling tempfile v3.27.0
   Compiling openmls_rust_crypto v0.6.0
   Compiling fs2 v0.4.3
   Compiling openmls_basic_credential v0.6.0
   Compiling openmls v0.9.0
   Compiling gcoms-network v0.1.0 (D:\a\gcoms\gcoms\crates\network)
   Compiling blake2 v0.10.6
   Compiling gcoms-private-fs v0.1.0 (D:\a\gcoms\gcoms\crates\private-fs)
   Compiling password-hash v0.5.0
   Compiling argon2 v0.5.3
   Compiling gcoms-protocol v0.1.0 (D:\a\gcoms\gcoms\crates\protocol)
   Compiling gcoms-gossip v0.1.0 (D:\a\gcoms\gcoms\crates\gossip)
   Compiling cobs v0.3.0
   Compiling quick-xml v0.41.0
   Compiling postcard v1.1.3
   Compiling async-trait v0.1.92
   Compiling gcoms-mls v0.1.0 (D:\a\gcoms\gcoms\crates\mls)
   Compiling rustls-webpki v0.103.15
   Compiling rcgen v0.13.2
   Compiling tokio-rustls v0.26.4
   Compiling hyper-rustls v0.27.9
   Compiling gcoms-transport v0.1.0 (D:\a\gcoms\gcoms\crates\transport)
   Compiling reqwest v0.12.28
   Compiling gcoms-routing v0.1.0 (D:\a\gcoms\gcoms\crates\routing)
   Compiling gcoms-network-client v0.1.0 (D:\a\gcoms\gcoms\crates\network-client)
   Compiling gcoms-node v0.1.0 (D:\a\gcoms\gcoms\crates\node)
   Compiling gcoms-sdk v0.1.0 (D:\a\gcoms\gcoms\crates\sdk)
    Finished `test` profile [unoptimized] target(s) in 2m 28s
     Running unittests src\lib.rs (target\debug\deps\gcoms_sdk-20e2dabf3aaa666a.exe)

running 57 tests
test bootstrap::tests::bootstrap_registration_cannot_inherit_managed_or_chat_capabilities_and_routes ... ok
test bootstrap::tests::file_events_require_current_admission_for_the_same_authenticated_peer_and_component ... ok
test bootstrap::tests::listener_capacity_rejects_new_peers_without_extending_or_evicting_live_entries ... ok
test embedded::forwarding_cleanup_tests::quiet_upstream_is_released_when_downstream_closes ... ok
test embedded::invitation_retry_tests::known_busy_refusals_retry_within_the_original_budget ... ok
test embedded::invitation_retry_tests::original_deadline_caps_busy_wait_and_cancels_a_stalled_attempt ... ok
test embedded::invitation_retry_tests::rejection_and_unknown_outcomes_are_not_repeated ... ok
test files::tests::chunk_negotiation_preserves_old_contacts_and_byte_credit ... ok
test files::tests::managed_calls_append_without_reinterpreting_legacy_file_ordinals ... ok
test ipc::application_version_tests::application_operations_are_appended_and_require_ipc17 ... ok
test ipc::bootstrap_compat_tests::append_only_bootstrap_wire_allocations_and_registry_names ... ok
test ipc::bootstrap_compat_tests::bootstrap_control_never_leaks_through_an_old_volatile_event_subscription ... ok
test ipc::bootstrap_compat_tests::bootstrap_registration_and_capability_require_v16_before_welcome ... ok
test ipc::bootstrap_compat_tests::frozen_bootstrap_v13_hello_rejects_before_buffered_colliding_requests ... ok
test ipc::bootstrap_compat_tests::v16_bootstrap_connection_keeps_identity_and_checks_grant_and_request_version ... ok
test ipc::bootstrap_compat_tests::v16_routed_event_populates_only_the_current_bootstrap_session_before_admission ... ok
test ipc::compatible_machine_clients::old_chat_versions_keep_identity_and_refuse_catalog_extension ... ok
test ipc::compatible_machine_clients::previous_versions_deny_new_volatile_and_bootstrap_capabilities_and_requests ... ok
test ipc::compatible_machine_clients::version_ten_machine_client_keeps_identity_access_without_shell ... ok
test ipc::interrupted_read_tests::inbound_event_does_not_discard_a_partial_request_prefix ... ok
test ipc::ipc19_compat_tests::file_reuse_is_ipc20_only_and_existing_file_snapshot_bytes_stay_unchanged ... ok
test ipc::ipc19_compat_tests::handshakes::authenticated_profile17_keeps_main_dialect_and_older_versions_refuse_channel19 ... ok
test ipc::ipc19_compat_tests::handshakes::both_plain_ipc17_dialects_are_rejected_before_pipelined_requests ... ok
test ipc::ipc19_compat_tests::ipc19_requests_keep_application18_tags_and_append_channel_management ... ok
test ipc::ipc19_compat_tests::ipc19_responses_keep_application18_wire_and_do_not_reuse_runtime_status ... ok
test ipc::metadata_compat::file_metadata_requires_ipc21_and_preserves_existing_file_wire_tags ... ok
test ipc::route_recovery_compatibility_tests::retained_tracked_and_recovery_bytes_keep_the_deployed_schema ... ok
test ipc::route_recovery_compatibility_tests::route_recovery_appends_codec_without_changing_existing_v13_requests ... ok
test ipc::route_recovery_compatibility_tests::route_recovery_preserves_v13_identity_and_requires_v14_owner_capability ... ok
test ipc::sharing_version_tests::sharing_and_status_append_without_reusing_prior_tags ... ok
test ipc::sharing_version_tests::sharing_upload_is_bounded_at_codec_and_clears_owned_bytes ... ok
test ipc::tests::channel_management_requires_ipc19_and_the_correct_capability ... ok
test ipc::tests::channel_reconnect_is_member_only_bounded_and_versioned ... ok
test ipc::tests::events_require_their_domain_capability_in_addition_to_event_read ... ok
test ipc::tests::frame_roundtrip_and_trailing_bytes_rejected ... ok
test ipc::tests::ipc_payload_boundary_is_enforced_before_encoding ... ok
test ipc::tests::older_fleet_v11_hello_is_rejected_before_negotiation ... ok
test ipc::tests::payload_cleanup_codec_preserves_exact_wire_and_owned_body ... ok
test ipc::tests::payload_cleanup_on_partial_write_error_and_cancel ... ok
test ipc::tests::payload_cleanup_read_errors_reject_partial_and_trailing_frames ... ok
test ipc::tests::removal_request_roundtrips_canonical_member_id ... ok
test ipc::tests::requests_declare_required_capability ... ok
test ipc::tests::shared_family_hello_layout_and_capability_ordinals_are_pinned ... ok
test ipc::tests::tracked_send_lost_or_malformed_response_is_uncertain ... ok
test ipc::tests::tracked_send_wire_version_and_capabilities_are_explicit ... ok
test ipc::windows_pipe_tests::framing_security_reconnect_malformed_and_capability_denial ... ok
test local::windows_tests::current_user_security_descriptor_can_be_built ... ok
test local::windows_tests::pinned_pipe_authenticates_the_server_before_request_bytes ... ok
test local::windows_tests::pinned_pipe_refuses_invalid_pins_and_relative_paths ... ok
test local::windows_tests::pipe_names_are_stable_distinct_and_sanitized ... ok
test machine::volatile_tests::scoped_volatile_event_rejects_wrong_peer_source_destination_type_and_old_version ... ok
test private_fs::tests::make_private_removes_other_explicit_grants_and_children_inherit_privacy ... ok
test private_fs::tests::make_private_then_validate_round_trips ... ok
test types::tests::application_message_roundtrip_is_strict ... ok
test types::tests::application_payload_boundary_is_explicit ... ok
test types::tests::channel_ids_order_lexicographically_by_canonical_bytes ... ok
test types::tests::payload_cleanup_application_keeps_type_and_clears_owned_bytes ... ok

test result: ok. 57 passed; 0 failed; 0 ignored; 0 measured; 0 filtered out; finished in 2.37s

