info: syncing channel updates for 1.98.0-x86_64-unknown-linux-gnu
info: latest update on 2026-08-20 for version 1.98.0 (88d9e12ae 2026-08-18)
info: downloading 3 components
warn: the missing active toolchain `1.98.0-x86_64-unknown-linux-gnu` has been auto-installed
warn: this might cause rustup commands to take longer time to finish than expected
info: you may opt out with `RUSTUP_AUTO_INSTALL=0` or `rustup set auto-install disable`
   Compiling syn v2.0.119
   Compiling syn v3.0.4
   Compiling synstructure v0.13.2
   Compiling zeroize_derive v1.5.0
   Compiling generic-array v0.14.7
   Compiling zeroize v1.9.0
   Compiling subtle v2.6.1
   Compiling displaydoc v0.2.7
   Compiling crypto-common v0.1.7
   Compiling zerofrom-derive v0.1.7
   Compiling yoke-derive v0.8.2
   Compiling zerofrom v0.1.8
   Compiling hybrid-array v0.4.14
   Compiling yoke v0.8.3
   Compiling zerovec-derive v0.11.6
   Compiling crypto-common v0.2.2
   Compiling zerovec v0.11.8
   Compiling block-buffer v0.12.1
   Compiling block-buffer v0.10.4
   Compiling digest v0.10.7
   Compiling digest v0.11.3
   Compiling tinystr v0.8.4
   Compiling tokio-macros v2.7.2
   Compiling icu_locale_core v2.3.0
   Compiling tokio v1.53.1
   Compiling nom v7.1.3
   Compiling potential_utf v0.1.6
   Compiling zerotrie v0.2.5
   Compiling inout v0.1.4
   Compiling rustls-pki-types v1.15.1
   Compiling thiserror-impl v2.0.20
   Compiling icu_collections v2.3.0
   Compiling thiserror v2.0.20
   Compiling cipher v0.4.4
   Compiling icu_provider v2.3.1
   Compiling aws-lc-rs v1.18.0
   Compiling curve25519-dalek v4.1.3
   Compiling rusticata-macros v4.1.0
   Compiling hmac v0.12.1
   Compiling universal-hash v0.5.1
   Compiling asn1-rs-derive v0.6.0
   Compiling asn1-rs-impl v0.2.0
   Compiling polyval v0.6.2
   Compiling asn1-rs v0.7.2
   Compiling sha2 v0.10.9
   Compiling module-lattice v0.2.3
   Compiling curve25519-dalek-derive v0.1.1
   Compiling rustls v0.23.45
   Compiling rustls-webpki v0.103.15
   Compiling shake v0.1.0
   Compiling icu_properties v2.3.0
   Compiling icu_normalizer v2.3.0
   Compiling ghash v0.5.1
   Compiling ctr v0.9.2
   Compiling aes v0.8.4
   Compiling sha3 v0.11.0
   Compiling signature v3.0.0
   Compiling kem v0.3.0
   Compiling aead v0.5.2
   Compiling log v0.4.34
   Compiling base64 v0.22.1
   Compiling pem v3.0.6
   Compiling gcoms-core v0.1.0 (/work/epoch-0400/red/crates/core)
   Compiling tokio-util v0.7.19
   Compiling aes-gcm v0.10.3
   Compiling ml-dsa v0.1.1
   Compiling ml-kem v0.3.2
   Compiling tracing v0.1.44
   Compiling idna_adapter v1.2.2
   Compiling x25519-dalek v2.0.1
   Compiling der-parser v10.0.0
   Compiling oid-registry v0.8.1
   Compiling hkdf v0.12.4
   Compiling percent-encoding v2.3.2
   Compiling x509-parser v0.18.1
   Compiling h2 v0.4.19
   Compiling form_urlencoded v1.2.2
   Compiling hyper v1.11.1
   Compiling rcgen v0.13.2
   Compiling gcoms-crypto v0.1.0 (/work/epoch-0400/red/crates/crypto)
   Compiling idna v1.1.0
   Compiling tokio-rustls v0.26.4
   Compiling gcoms-transport v0.1.0 (/work/epoch-0400/red/crates/transport)
   Compiling gcoms-protocol v0.1.0 (/work/epoch-0400/red/crates/protocol)
   Compiling url v2.5.8
   Compiling hyper-util v0.1.20
   Compiling webpki-roots v1.0.9
   Compiling gcoms-routing v0.1.0 (/work/epoch-0400/red/crates/routing)
    Finished `test` profile [unoptimized] target(s) in 29.17s
     Running unittests src/lib.rs (/work/route-readiness/target-complete/debug/deps/gcoms_routing-8a468679e455d388)

running 1 test

thread 'gc2::owner::referral_tests::renewed_guard_retries_incomplete_referrals_before_normal_discovery_period' (1274) panicked at crates/routing/src/gc2/owner_referral_tests.rs:115:5:
authenticated guard deferred missing route referrals behind failed-dial pacing
note: run with `RUST_BACKTRACE=1` environment variable to display a backtrace
test gc2::owner::referral_tests::renewed_guard_retries_incomplete_referrals_before_normal_discovery_period ... FAILED

failures:

failures:
    gc2::owner::referral_tests::renewed_guard_retries_incomplete_referrals_before_normal_discovery_period

test result: FAILED. 0 passed; 1 failed; 0 ignored; 0 measured; 62 filtered out; finished in 15.05s

error: test failed, to rerun pass `-p gcoms-routing --lib`
