info: syncing channel updates for 1.98.0-x86_64-unknown-linux-gnu
info: latest update on 2026-08-20 for version 1.98.0 (88d9e12ae 2026-08-18)
info: downloading 3 components
warn: the missing active toolchain `1.98.0-x86_64-unknown-linux-gnu` has been auto-installed
warn: this might cause rustup commands to take longer time to finish than expected
info: you may opt out with `RUSTUP_AUTO_INSTALL=0` or `rustup set auto-install disable`
   Compiling proc-macro2 v1.0.107
   Compiling unicode-ident v1.0.24
   Compiling quote v1.0.47
   Compiling libc v0.2.189
   Compiling syn v2.0.119
   Compiling cfg-if v1.0.4
   Compiling typenum v1.20.1
   Compiling getrandom v0.2.17
   Compiling syn v3.0.4
   Compiling zeroize_derive v1.5.0
   Compiling zeroize v1.9.0
   Compiling rand_core v0.6.4
   Compiling subtle v2.6.1
   Compiling version_check v0.9.5
   Compiling const-oid v0.9.6
   Compiling rand_core v0.10.1
   Compiling generic-array v0.14.7
   Compiling getrandom v0.4.3
   Compiling synstructure v0.13.2
   Compiling crypto-common v0.1.7
   Compiling block-buffer v0.10.4
   Compiling digest v0.10.7
   Compiling cpufeatures v0.2.17
   Compiling cmov v0.5.4
   Compiling autocfg v1.5.1
   Compiling ctutils v0.4.2
   Compiling hybrid-array v0.4.14
   Compiling base64ct v1.8.3
   Compiling num-traits v0.2.19
   Compiling itoa v1.0.18
   Compiling const-oid v0.10.2
   Compiling serde_core v1.0.229
   Compiling crypto-common v0.2.2
   Compiling hmac v0.12.1
   Compiling displaydoc v0.2.7
   Compiling jobserver v0.1.35
   Compiling shlex v2.0.1
   Compiling find-msvc-tools v0.1.11
   Compiling cc v1.4.4
   Compiling block-buffer v0.12.1
   Compiling zerofrom-derive v0.1.7
   Compiling semver v1.0.28
   Compiling log v0.4.34
   Compiling rustc_version v0.4.1
   Compiling digest v0.11.3
   Compiling yoke-derive v0.8.2
   Compiling zerofrom v0.1.8
   Compiling memchr v2.8.3
   Compiling stable_deref_trait v1.2.1
   Compiling bytes v1.12.1
   Compiling pin-project-lite v0.2.17
   Compiling yoke v0.8.3
   Compiling thiserror v2.0.20
   Compiling serde v1.0.229
   Compiling futures-core v0.3.34
   Compiling once_cell v1.21.4
   Compiling zerocopy v0.8.56
   Compiling zerovec-derive v0.11.6
   Compiling serde_derive v1.0.229
   Compiling thiserror-impl v2.0.20
   Compiling zerovec v0.11.8
   Compiling cmake v0.1.58
   Compiling sha2 v0.10.9
   Compiling fs_extra v1.3.0
   Compiling pkg-config v0.3.34
   Compiling dunce v1.0.5
   Compiling aws-lc-sys v0.44.0
   Compiling ppv-lite86 v0.2.21
   Compiling hkdf v0.12.4
   Compiling pem-rfc7468 v0.7.0
   Compiling inout v0.1.4
   Compiling tokio-macros v2.7.2
   Compiling curve25519-dalek-derive v0.1.1
   Compiling keccak v0.2.2
   Compiling socket2 v0.6.5
   Compiling mio v1.2.2
   Compiling tokio v1.53.1
   Compiling cipher v0.4.4
   Compiling der v0.7.10
   Compiling http v1.5.0
   Compiling universal-hash v0.5.1
   Compiling smallvec v1.16.0
   Compiling opaque-debug v0.3.1
   Compiling spki v0.7.3
   Compiling tinystr v0.8.4
   Compiling tracing-core v0.1.36
   Compiling curve25519-dalek v4.1.3
   Compiling sponge-cursor v0.1.0
   Compiling aws-lc-rs v1.18.0
   Compiling writeable v0.6.4
   Compiling litemap v0.8.3
   Compiling icu_locale_core v2.3.0
   Compiling tracing v0.1.44
   Compiling pkcs8 v0.10.2
   Compiling rand_chacha v0.3.1
   Compiling potential_utf v0.1.6
   Compiling zerotrie v0.2.5
   Compiling ring v0.17.14
   Compiling module-lattice v0.2.3
   Compiling ff v0.13.1
   Compiling icu_normalizer_data v2.3.0
   Compiling time-core v0.1.9
   Compiling zmij v1.0.23
   Compiling icu_properties_data v2.3.0
   Compiling percent-encoding v2.3.2
   Compiling base16ct v0.2.0
   Compiling utf8_iter v1.0.4
   Compiling num-conv v0.2.2
   Compiling slab v0.4.12
   Compiling time-macros v0.2.32
   Compiling icu_collections v2.3.0
   Compiling sec1 v0.7.3
   Compiling group v0.13.0
   Compiling icu_provider v2.3.1
   Compiling shake v0.1.0
   Compiling polyval v0.6.2
   Compiling http-body v1.1.0
   Compiling der v0.8.1
   Compiling aead v0.5.2
   Compiling crypto-bigint v0.5.5
   Compiling rustls-pki-types v1.15.1
   Compiling deranged v0.5.8
   Compiling powerfmt v0.2.0
   Compiling base64 v0.22.1
   Compiling serde_json v1.0.151
   Compiling time v0.3.55
   Compiling elliptic-curve v0.13.8
   Compiling spki v0.8.0
   Compiling ghash v0.5.1
   Compiling rand v0.8.8
   Compiling aes v0.8.4
   Compiling ctr v0.9.2
   Compiling sha3 v0.11.0
   Compiling kem v0.3.0
   Compiling signature v2.2.0
   Compiling atomic-waker v1.1.2
   Compiling minimal-lexical v0.2.1
   Compiling untrusted v0.9.0
   Compiling tower-service v0.3.3
   Compiling httparse v1.10.1
   Compiling futures-task v0.3.34
   Compiling hax-lib v0.3.7
   Compiling futures-util v0.3.34
   Compiling nom v7.1.3
   Compiling ml-kem v0.3.2
   Compiling aes-gcm v0.10.3
   Compiling icu_properties v2.3.0
   Compiling icu_normalizer v2.3.0
   Compiling pkcs8 v0.11.0
   Compiling form_urlencoded v1.2.2
   Compiling signature v3.0.0
   Compiling serde_bytes v0.11.19
   Compiling tls_codec_derive v0.5.0
   Compiling hax-lib-macros v0.3.7
   Compiling crossbeam-utils v0.8.22
   Compiling rustls v0.23.45
   Compiling try-lock v0.2.5
   Compiling want v0.3.1
   Compiling tls_codec v0.5.0
   Compiling ml-dsa v0.1.1
   Compiling idna_adapter v1.2.2
   Compiling rusticata-macros v4.1.0
   Compiling x25519-dalek v2.0.1
   Compiling futures-channel v0.3.34
   Compiling curve25519-dalek v5.0.0
   Compiling rfc6979 v0.4.0
   Compiling asn1-rs-derive v0.6.0
   Compiling rand v0.10.2
   Compiling asn1-rs-impl v0.2.0
   Compiling bitflags v2.13.1
   Compiling cpufeatures v0.3.1
   Compiling crossbeam-epoch v0.9.20
   Compiling httpdate v1.0.3
   Compiling hyper v1.11.1
   Compiling asn1-rs v0.7.2
   Compiling ecdsa v0.16.9
   Compiling idna v1.1.0
   Compiling primeorder v0.13.6
   Compiling sync_wrapper v1.0.2
   Compiling num-integer v0.1.47
   Compiling tower-layer v0.3.3
   Compiling rustix v1.1.4
   Compiling libcrux-intrinsics v0.0.8
   Compiling ipnet v2.12.1
   Compiling oid-registry v0.8.1
   Compiling crossbeam-deque v0.8.7
   Compiling hyper-util v0.1.20
   Compiling num-bigint v0.4.8
   Compiling url v2.5.8
   Compiling openmls_traits v0.6.0
   Compiling libcrux-secrets v0.0.6
   Compiling http-body-util v0.1.5
   Compiling gcoms-core v0.1.0 (/work/piece-persistence/red/crates/core)
   Compiling futures-sink v0.3.34
   Compiling linux-raw-sys v0.12.1
   Compiling rayon-core v1.13.0
   Compiling hashbrown v0.17.1
   Compiling libcrux-sha3 v0.0.10
   Compiling equivalent v1.0.2
   Compiling indexmap v2.14.0
   Compiling tokio-util v0.7.19
   Compiling libcrux-traits v0.0.8
   Compiling x25519-dalek v3.0.0
   Compiling der-parser v10.0.0
   Compiling tower v0.5.3
   Compiling p384 v0.13.1
   Compiling p256 v0.13.2
   Compiling hpke-rs-crypto v0.7.0
   Compiling gcoms-crypto v0.1.0 (/work/piece-persistence/red/crates/crypto)
   Compiling ed25519 v2.2.3
   Compiling yasna v0.5.2
   Compiling rustls-webpki v0.103.15
   Compiling pem v3.0.6
   Compiling webpki-roots v1.0.9
   Compiling sha3 v0.12.0
   Compiling poly1305 v0.8.0
   Compiling chacha20 v0.9.1
   Compiling hmac v0.13.0
   Compiling libcrux-platform v0.0.3
   Compiling lazy_static v1.5.0
   Compiling ryu v1.0.23
   Compiling data-encoding v2.11.1
   Compiling fnv v1.0.7
   Compiling h2 v0.4.19
   Compiling tokio-rustls v0.26.4
   Compiling x509-parser v0.18.1
   Compiling serde_urlencoded v0.7.1
   Compiling hkdf v0.13.0
   Compiling chacha20poly1305 v0.10.1
   Compiling x-wing v0.1.0
   Compiling rcgen v0.13.2
   Compiling ed25519-dalek v2.2.0
   Compiling sha2 v0.11.0
   Compiling k256 v0.13.4
   Compiling rand_chacha v0.10.0
   Compiling fastrand v2.5.0
   Compiling either v1.18.0
   Compiling tempfile v3.27.0
   Compiling rayon v1.12.0
   Compiling hpke-rs-rust-crypto v0.7.0
   Compiling gcoms-transport v0.1.0 (/work/piece-persistence/red/crates/transport)
   Compiling hpke-rs v0.7.0
   Compiling hyper-rustls v0.27.9
   Compiling tower-http v0.6.11
   Compiling gcoms-private-fs v0.1.0 (/work/piece-persistence/red/crates/private-fs)
   Compiling openmls_memory_storage v0.6.0
   Compiling openmls_serialization_helpers v0.1.0
   Compiling fs2 v0.4.3
   Compiling openmls_rust_crypto v0.6.0
   Compiling openmls v0.9.0
   Compiling gcoms-routing v0.1.0 (/work/piece-persistence/red/crates/routing)
   Compiling reqwest v0.12.28
   Compiling openmls_basic_credential v0.6.0
   Compiling gcoms-network v0.1.0 (/work/piece-persistence/red/crates/network)
   Compiling cobs v0.3.0
   Compiling password-hash v0.5.0
   Compiling blake2 v0.10.6
   Compiling postcard v1.1.3
   Compiling argon2 v0.5.3
   Compiling gcoms-network-client v0.1.0 (/work/piece-persistence/red/crates/network-client)
   Compiling gcoms-mls v0.1.0 (/work/piece-persistence/red/crates/mls)
   Compiling gcoms-protocol v0.1.0 (/work/piece-persistence/red/crates/protocol)
   Compiling gcoms-gossip v0.1.0 (/work/piece-persistence/red/crates/gossip)
   Compiling quick-xml v0.41.0
   Compiling mime v0.3.17
   Compiling axum-core v0.5.6
   Compiling gcoms-node v0.1.0 (/work/piece-persistence/red/crates/node)
   Compiling serde_path_to_error v0.1.20
   Compiling async-trait v0.1.92
   Compiling matchit v0.8.4
   Compiling hex v0.4.3
   Compiling gcoms-file-transfer v0.1.0 (/work/piece-persistence/red/crates/file-transfer)
   Compiling axum v0.8.9
   Compiling gcoms-sdk v0.1.0 (/work/piece-persistence/red/crates/sdk)
   Compiling gcoms-runtime v0.1.0 (/work/piece-persistence/red/crates/runtime)
    Finished `test` profile [unoptimized] target(s) in 1m 52s
     Running unittests src/lib.rs (/work/route-readiness/target-complete/debug/deps/gcoms_runtime-463cb3c87dde685b)

running 1 test
{"blocks":16,"event":"piece_profile_write_measurement","payload_bytes":65536,"receiver_event_saves":16,"receiver_profile_bytes":960951,"sender_profile_bytes":977280,"sender_wrapper_saves":16}

thread 'runtime::piece_persistence_tests::piece_transport_does_not_rewrite_profiles_or_require_wrapper_saves' (5477) panicked at crates/runtime/src/runtime/piece_persistence_tests.rs:130:5:
assertion `left == right` failed: piece transport must not request a whole-profile wrapper save
  left: 18
 right: 2
note: run with `RUST_BACKTRACE=1` environment variable to display a backtrace
test runtime::piece_persistence_tests::piece_transport_does_not_rewrite_profiles_or_require_wrapper_saves ... FAILED

failures:

failures:
    runtime::piece_persistence_tests::piece_transport_does_not_rewrite_profiles_or_require_wrapper_saves

test result: FAILED. 0 passed; 1 failed; 0 ignored; 0 measured; 32 filtered out; finished in 10.66s

error: test failed, to rerun pass `-p gcoms-runtime --lib`
