    Checking tokio v1.53.1
    Checking serde_json v1.0.151
    Checking gcoms-crypto v0.1.0 (/work/release-repro-20260927/admission-barrier/sdk-retry/gcoms/crates/crypto)
    Checking gcoms-core v0.1.0 (/work/release-repro-20260927/admission-barrier/sdk-retry/gcoms/crates/core)
    Checking openmls_memory_storage v0.6.0
    Checking openmls_rust_crypto v0.6.0
    Checking gcoms-network v0.1.0 (/work/release-repro-20260927/admission-barrier/sdk-retry/gcoms/crates/network)
    Checking gcoms-protocol v0.1.0 (/work/release-repro-20260927/admission-barrier/sdk-retry/gcoms/crates/protocol)
    Checking gcoms-mls v0.1.0 (/work/release-repro-20260927/admission-barrier/sdk-retry/gcoms/crates/mls)
    Checking tokio-rustls v0.26.4
    Checking hyper v1.11.1
    Checking tokio-util v0.7.19
    Checking tower v0.5.3
    Checking tower-http v0.6.11
    Checking h2 v0.4.19
    Checking hyper-util v0.1.20
    Checking hyper-rustls v0.27.9
    Checking reqwest v0.12.28
    Checking gcoms-transport v0.1.0 (/work/release-repro-20260927/admission-barrier/sdk-retry/gcoms/crates/transport)
    Checking gcoms-routing v0.1.0 (/work/release-repro-20260927/admission-barrier/sdk-retry/gcoms/crates/routing)
    Checking gcoms-network-client v0.1.0 (/work/release-repro-20260927/admission-barrier/sdk-retry/gcoms/crates/network-client)
    Checking gcoms-node v0.1.0 (/work/release-repro-20260927/admission-barrier/sdk-retry/gcoms/crates/node)
    Checking gcoms-sdk v0.1.0 (/work/release-repro-20260927/admission-barrier/sdk-retry/gcoms/crates/sdk)
    Finished `dev` profile [unoptimized] target(s) in 15.18s
