   Compiling tokio v1.53.1
   Compiling serde_json v1.0.151
   Compiling gcoms-core v0.1.0 (/work/release-repro-20260927/admission-barrier/sdk-retry/gcoms/crates/core)
   Compiling gcoms-protocol v0.1.0 (/work/release-repro-20260927/admission-barrier/sdk-retry/gcoms/crates/protocol)
   Compiling openmls_memory_storage v0.6.0
   Compiling openmls_rust_crypto v0.6.0
   Compiling gcoms-network v0.1.0 (/work/release-repro-20260927/admission-barrier/sdk-retry/gcoms/crates/network)
   Compiling gcoms-mls v0.1.0 (/work/release-repro-20260927/admission-barrier/sdk-retry/gcoms/crates/mls)
   Compiling hyper v1.11.1
   Compiling tokio-rustls v0.26.4
   Compiling tokio-util v0.7.19
   Compiling hyper-util v0.1.20
   Compiling h2 v0.4.19
   Compiling tower v0.5.3
   Compiling tower-http v0.6.11
   Compiling hyper-rustls v0.27.9
   Compiling reqwest v0.12.28
   Compiling gcoms-transport v0.1.0 (/work/release-repro-20260927/admission-barrier/sdk-retry/gcoms/crates/transport)
   Compiling gcoms-routing v0.1.0 (/work/release-repro-20260927/admission-barrier/sdk-retry/gcoms/crates/routing)
   Compiling gcoms-network-client v0.1.0 (/work/release-repro-20260927/admission-barrier/sdk-retry/gcoms/crates/network-client)
   Compiling gcoms-node v0.1.0 (/work/release-repro-20260927/admission-barrier/sdk-retry/gcoms/crates/node)
   Compiling gcoms-sdk v0.1.0 (/work/release-repro-20260927/admission-barrier/sdk-retry/gcoms/crates/sdk)
    Finished `test` profile [unoptimized] target(s) in 23.06s
     Running unittests src/lib.rs (/work/target/debug/deps/gcoms_sdk-98fc459604669925)

running 55 tests
test bootstrap::tests::bootstrap_registration_cannot_inherit_managed_or_chat_capabilities_and_routes ... ok
test bootstrap::tests::file_events_require_current_admission_for_the_same_authenticated_peer_and_component ... ok
test embedded::forwarding_cleanup_tests::quiet_upstream_is_released_when_downstream_closes ... ok
test bootstrap::tests::listener_capacity_rejects_new_peers_without_extending_or_evicting_live_entries ... ok
test embedded::invitation_retry_tests::original_deadline_caps_busy_wait_and_cancels_a_stalled_attempt ... ok
test embedded::invitation_retry_tests::rejection_and_unknown_outcomes_are_not_repeated ... ok
test files::tests::chunk_negotiation_preserves_old_contacts_and_byte_credit ... ok
test files::tests::managed_calls_append_without_reinterpreting_legacy_file_ordinals ... ok
test ipc::application_version_tests::application_operations_are_appended_and_require_ipc17 ... ok
test ipc::bootstrap_compat_tests::append_only_bootstrap_wire_allocations_and_registry_names ... ok
test ipc::bootstrap_compat_tests::bootstrap_control_never_leaks_through_an_old_volatile_event_subscription ... ok
test ipc::bootstrap_compat_tests::bootstrap_registration_and_capability_require_v16_before_welcome ... ok
test ipc::bootstrap_compat_tests::frozen_bootstrap_v13_hello_rejects_before_buffered_colliding_requests ... ok
test ipc::bootstrap_compat_tests::new_bootstrap_sdk_rejects_old_welcome_without_sending_a_request ... ok
test ipc::bootstrap_compat_tests::v16_bootstrap_connection_keeps_identity_and_checks_grant_and_request_version ... ok
test ipc::bootstrap_compat_tests::v16_routed_event_populates_only_the_current_bootstrap_session_before_admission ... ok
test embedded::invitation_retry_tests::known_busy_refusals_retry_within_the_original_budget ... ok
test ipc::compatible_machine_clients::old_chat_versions_keep_identity_and_refuse_catalog_extension ... ok
test ipc::compatible_machine_clients::version_ten_machine_client_keeps_identity_access_without_shell ... ok
test ipc::disconnect_tests::daemon_disconnect_closes_subscriptions_and_rejects_new_requests ... ok
test ipc::interrupted_read_tests::inbound_event_does_not_discard_a_partial_request_prefix ... ok
test ipc::ipc19_compat_tests::file_reuse_is_ipc20_only_and_existing_file_snapshot_bytes_stay_unchanged ... ok
test ipc::compatible_machine_clients::previous_versions_deny_new_volatile_and_bootstrap_capabilities_and_requests ... ok
test ipc::ipc19_compat_tests::handshakes::both_plain_ipc17_dialects_are_rejected_before_pipelined_requests ... ok
test ipc::ipc19_compat_tests::ipc19_requests_keep_application18_tags_and_append_channel_management ... ok
test ipc::ipc19_compat_tests::ipc19_responses_keep_application18_wire_and_do_not_reuse_runtime_status ... ok
test ipc::metadata_compat::file_metadata_requires_ipc21_and_preserves_existing_file_wire_tags ... ok
test ipc::ipc19_compat_tests::handshakes::authenticated_profile17_keeps_main_dialect_and_older_versions_refuse_channel19 ... ok
test ipc::route_recovery_compatibility_tests::retained_tracked_and_recovery_bytes_keep_the_deployed_schema ... ok
test ipc::route_recovery_compatibility_tests::route_recovery_appends_codec_without_changing_existing_v13_requests ... ok
test ipc::owned_listener_tests::central_listener_stop_drains_authenticated_and_partial_connections ... ok
test ipc::sharing_version_tests::sharing_and_status_append_without_reusing_prior_tags ... ok
test ipc::sharing_version_tests::sharing_upload_is_bounded_at_codec_and_clears_owned_bytes ... ok
test ipc::tests::channel_management_requires_ipc19_and_the_correct_capability ... ok
test ipc::tests::channel_reconnect_is_member_only_bounded_and_versioned ... ok
test ipc::tests::events_require_their_domain_capability_in_addition_to_event_read ... ok
test ipc::tests::frame_roundtrip_and_trailing_bytes_rejected ... ok
test ipc::tests::ipc_payload_boundary_is_enforced_before_encoding ... ok
test ipc::tests::older_fleet_v11_hello_is_rejected_before_negotiation ... ok
test ipc::tests::payload_cleanup_codec_preserves_exact_wire_and_owned_body ... ok
test ipc::tests::payload_cleanup_on_partial_write_error_and_cancel ... ok
test ipc::tests::payload_cleanup_read_errors_reject_partial_and_trailing_frames ... ok
test ipc::tests::removal_request_roundtrips_canonical_member_id ... ok
test ipc::tests::requests_declare_required_capability ... ok
test ipc::tests::shared_family_hello_layout_and_capability_ordinals_are_pinned ... ok
test ipc::tests::tracked_send_lost_or_malformed_response_is_uncertain ... ok
test ipc::tests::tracked_send_wire_version_and_capabilities_are_explicit ... ok
test machine::volatile_tests::scoped_volatile_event_rejects_wrong_peer_source_destination_type_and_old_version ... ok
test private_fs::tests::make_private_then_validate_round_trips ... ok
test private_fs::tests::rejects_group_readable_file_and_directory ... ok
test types::tests::application_message_roundtrip_is_strict ... ok
test types::tests::application_payload_boundary_is_explicit ... ok
test types::tests::channel_ids_order_lexicographically_by_canonical_bytes ... ok
test types::tests::payload_cleanup_application_keeps_type_and_clears_owned_bytes ... ok
test ipc::route_recovery_compatibility_tests::route_recovery_preserves_v13_identity_and_requires_v14_owner_capability ... ok

test result: ok. 55 passed; 0 failed; 0 ignored; 0 measured; 0 filtered out; finished in 1.03s

     Running tests/embedded.rs (/work/target/debug/deps/embedded-d860b7048ecae4ed)

running 8 tests
test embedded_channel_inspection_is_read_only_and_minimal ... ok
test embedded_channel_presence_uses_member_scoped_events ... ok
test embedded_client_rejects_invalid_cards_before_sending ... ok
test embedded_clients_use_typed_cards_and_events ... ok
test embedded_identity_refresh_tracks_contact_renewal ... ok
test file_application_frames_do_not_exhaust_text_receipts ... ok
test local_client_accepts_late_relay_provisioning_and_receives_messages ... ok
test public_descriptors_verify_and_private_channels_cannot_publish ... ok

test result: ok. 8 passed; 0 failed; 0 ignored; 0 measured; 0 filtered out; finished in 6.03s

     Running tests/ipc_unix.rs (/work/target/debug/deps/ipc_unix-6954e4ef506db2a7)

running 2 tests
test authenticated_component_accessor_survives_clone_and_route ... ok
test ipc_backend_matches_embedded_messages_and_events ... ok

test result: ok. 2 passed; 0 failed; 0 ignored; 0 measured; 0 filtered out; finished in 2.02s

     Running tests/local_unix.rs (/work/target/debug/deps/local_unix-4b8d8511ce558127)

running 1 test
test disconnected_probe_does_not_stop_listener ... ok

test result: ok. 1 passed; 0 failed; 0 ignored; 0 measured; 0 filtered out; finished in 0.00s

     Running tests/tracked_send.rs (/work/target/debug/deps/tracked_send-fe9655dbf9495042)

running 1 test
test tracked_ipc_native_ids_match_received_messages_and_authenticated_acks ... ok

test result: ok. 1 passed; 0 failed; 0 ignored; 0 measured; 0 filtered out; finished in 5.04s

   Doc-tests gcoms_sdk

running 0 tests

test result: ok. 0 passed; 0 failed; 0 ignored; 0 measured; 0 filtered out; finished in 0.00s

